// Jest Snapshot v1, https://goo.gl/fbAQLP

exports[`Button Button is clicked 1`] = `
<div>
  <button
    className="sc-AxjAm gljxek"
    onClick={[Function]}
    type="button"
  >
    Button
  </button>
</div>
`;

exports[`Button renders correctly 1`] = `
<div>
  <button
    className="sc-AxjAm gljxek"
    onClick={[Function]}
    type="button"
  >
    Button
  </button>
</div>
`;

exports[`Renders button correctly renders correctly 1`] = `
<div>
  <button
    className="sc-AxjAm gljxek"
    onClick={[Function]}
    type="button"
  >
    Button
  </button>
</div>
`;
